[2026-01-21 14:05:46] UpdateManager initialized. Current version: 1.0.0
[2026-01-21 14:05:46] Checking for updates...
[2026-01-21 14:05:47] Repository or releases not found
[2026-01-21 19:36:20] UpdateManager initialized. Current version: 1.0.0
[2026-01-21 19:36:20] Checking for updates...
[2026-01-21 19:36:22] Repository or releases not found
[2026-01-21 19:40:53] UpdateManager initialized. Current version: 1.0.0
[2026-01-21 19:40:53] Checking for updates...
[2026-01-21 19:40:54] Repository or releases not found
[2026-01-21 19:41:11] UpdateManager initialized. Current version: 1.0.0
[2026-01-21 19:41:11] Checking for updates...
[2026-01-21 19:41:11] Repository or releases not found
[2026-01-21 19:42:48] UpdateManager initialized. Current version: 1.0.0
[2026-01-21 19:42:48] Checking for updates...
[2026-01-21 19:42:50] Repository or releases not found
[2026-01-21 19:48:39] UpdateManager initialized. Current version: 1.0.0
[2026-01-21 19:48:39] Checking for updates...
[2026-01-21 19:48:40] Repository or releases not found
[2026-01-21 20:56:55] UpdateManager initialized. Current version: 1.0.0
[2026-01-21 20:56:55] Checking for updates...
[2026-01-21 20:56:58] Found checksum file: PreservationApp.exe.sha256
[2026-01-21 20:56:58] Checksum available for verification: 758B2000587DBDE3...
[2026-01-21 20:56:58] Latest version found: 1.0.0
[2026-01-21 20:56:58] App is up to date
[2026-01-21 21:01:38] UpdateManager initialized. Current version: 1.0.0
[2026-01-21 21:01:38] Checking for updates...
[2026-01-21 21:01:40] Found checksum file: PreservationApp.exe.sha256
[2026-01-21 21:01:40] Checksum available for verification: 758B2000587DBDE3...
[2026-01-21 21:01:40] Latest version found: 1.0.0
[2026-01-21 21:01:40] App is up to date
[2026-01-21 21:01:54] UpdateManager initialized. Current version: 1.0.0
[2026-01-21 21:01:54] Checking for updates...
[2026-01-21 21:01:54] Found checksum file: PreservationApp.exe.sha256
[2026-01-21 21:01:54] Checksum available for verification: 758B2000587DBDE3...
[2026-01-21 21:01:54] Latest version found: 1.0.0
[2026-01-21 21:01:54] App is up to date
[2026-01-21 21:03:18] UpdateManager initialized. Current version: 0.9.0
[2026-01-21 21:03:18] Checking for updates...
[2026-01-21 21:03:19] Found checksum file: PreservationApp.exe.sha256
[2026-01-21 21:03:19] Checksum available for verification: 758B2000587DBDE3...
[2026-01-21 21:03:19] Latest version found: 1.0.0
[2026-01-21 21:03:19] Update available: 0.9.0 -> 1.0.0
[2026-01-21 21:03:35] UpdateManager initialized. Current version: 0.9.0
[2026-01-21 21:03:35] Checking for updates...
[2026-01-21 21:03:35] Found checksum file: PreservationApp.exe.sha256
[2026-01-21 21:03:35] Checksum available for verification: 758B2000587DBDE3...
[2026-01-21 21:03:35] Latest version found: 1.0.0
[2026-01-21 21:03:35] Update available: 0.9.0 -> 1.0.0
[2026-01-22 03:29:39] Checking for updates...
[2026-01-22 03:29:40] Found checksum file: PreservationApp.exe.sha256
[2026-01-22 03:29:40] Checksum available for verification: 758B2000587DBDE3...
[2026-01-22 03:29:40] Latest version found: 1.0.0
[2026-01-22 03:29:40] Update available: 0.9.0 -> 1.0.0
[2026-01-22 10:24:08] UpdateManager initialized. Current version: 0.9.0
[2026-01-22 10:24:08] Checking for updates...
[2026-01-22 10:24:10] Found checksum file: PreservationApp.exe.sha256
[2026-01-22 10:24:10] Checksum available for verification: 758B2000587DBDE3...
[2026-01-22 10:24:10] Latest version found: 1.0.0
[2026-01-22 10:24:10] Update available: 0.9.0 -> 1.0.0
[2026-01-22 10:24:35] UpdateManager initialized. Current version: 0.9.0
[2026-01-22 10:24:35] Checking for updates...
[2026-01-22 10:24:36] Found checksum file: PreservationApp.exe.sha256
[2026-01-22 10:24:36] Checksum available for verification: 758B2000587DBDE3...
[2026-01-22 10:24:36] Latest version found: 1.0.0
[2026-01-22 10:24:36] Update available: 0.9.0 -> 1.0.0
[2026-01-22 16:42:01] UpdateManager initialized. Current version: 1.0.0
[2026-01-22 16:42:01] Checking for updates...
[2026-01-22 16:42:02] Found checksum file: PreservationApp.exe.sha256
[2026-01-22 16:42:02] Checksum available for verification: 758B2000587DBDE3...
[2026-01-22 16:42:02] Latest version found: 1.0.0
[2026-01-22 16:42:02] App is up to date
[2026-01-23 04:06:46] UpdateManager initialized. Current version: 1.0.0
[2026-01-23 04:06:46] Checking for updates...
[2026-01-23 04:06:48] Found checksum file: PreservationApp.exe.sha256
[2026-01-23 04:06:48] Checksum available for verification: 758B2000587DBDE3...
[2026-01-23 04:06:48] Latest version found: 1.0.0
[2026-01-23 04:06:48] App is up to date
[2026-01-23 04:09:37] UpdateManager initialized. Current version: 1.0.0
[2026-01-23 04:09:37] Checking for updates...
[2026-01-23 04:09:38] Found checksum file: PreservationApp.exe.sha256
[2026-01-23 04:09:38] Checksum available for verification: 758B2000587DBDE3...
[2026-01-23 04:09:38] Latest version found: 1.0.0
[2026-01-23 04:09:38] App is up to date
[2026-01-23 11:50:39] UpdateManager initialized. Current version: 1.0.0
[2026-01-23 11:50:39] Checking for updates...
[2026-01-23 11:50:41] Found checksum file: PreservationApp.exe.sha256
[2026-01-23 11:50:41] Checksum available for verification: 758B2000587DBDE3...
[2026-01-23 11:50:41] Latest version found: 1.0.0
[2026-01-23 11:50:41] App is up to date
[2026-01-23 16:34:39] UpdateManager initialized. Current version: 1.0.0
[2026-01-23 16:34:39] Checking for updates...
[2026-01-23 16:34:41] Found checksum file: PreservationApp.exe.sha256
[2026-01-23 16:34:41] Checksum available for verification: 758B2000587DBDE3...
[2026-01-23 16:34:41] Latest version found: 1.0.0
[2026-01-23 16:34:41] App is up to date
[2026-01-23 19:19:12] UpdateManager initialized. Current version: 1.0.0
[2026-01-23 19:19:12] Checking for updates...
[2026-01-23 19:19:14] Found checksum file: PreservationApp.exe.sha256
[2026-01-23 19:19:14] Checksum available for verification: 758B2000587DBDE3...
[2026-01-23 19:19:14] Latest version found: 1.0.0
[2026-01-23 19:19:14] App is up to date
[2026-01-23 19:27:11] UpdateManager initialized. Current version: 1.0.0
[2026-01-23 19:27:11] Checking for updates...
[2026-01-23 19:27:12] Found checksum file: PreservationApp.exe.sha256
[2026-01-23 19:27:12] Checksum available for verification: 758B2000587DBDE3...
[2026-01-23 19:27:12] Latest version found: 1.0.0
[2026-01-23 19:27:12] App is up to date
[2026-01-24 05:15:21] UpdateManager initialized. Current version: 1.0.0
[2026-01-24 05:15:21] Checking for updates...
[2026-01-24 05:15:23] Found checksum file: PreservationApp.exe.sha256
[2026-01-24 05:15:23] Checksum available for verification: 758B2000587DBDE3...
[2026-01-24 05:15:23] Latest version found: 1.0.0
[2026-01-24 05:15:23] App is up to date
[2026-01-24 12:58:22] UpdateManager initialized. Current version: 1.0.0
[2026-01-24 12:58:22] Checking for updates...
[2026-01-24 12:58:23] Found checksum file: PreservationApp.exe.sha256
[2026-01-24 12:58:23] Checksum available for verification: 758B2000587DBDE3...
[2026-01-24 12:58:23] Latest version found: 1.0.0
[2026-01-24 12:58:23] App is up to date
[2026-01-24 13:19:18] UpdateManager initialized. Current version: 1.0.0
[2026-01-24 13:19:18] Checking for updates...
[2026-01-24 13:19:19] Found checksum file: PreservationApp.exe.sha256
[2026-01-24 13:19:19] Checksum available for verification: 758B2000587DBDE3...
[2026-01-24 13:19:19] Latest version found: 1.0.0
[2026-01-24 13:19:19] App is up to date
[2026-01-24 14:00:43] UpdateManager initialized. Current version: 1.0.0
[2026-01-24 14:00:43] Checking for updates...
[2026-01-24 14:00:44] Found checksum file: PreservationApp.exe.sha256
[2026-01-24 14:00:44] Checksum available for verification: 758B2000587DBDE3...
[2026-01-24 14:00:44] Latest version found: 1.0.0
[2026-01-24 14:00:44] App is up to date
[2026-01-25 01:05:09] UpdateManager initialized. Current version: 1.0.0
[2026-01-25 01:05:09] Checking for updates...
[2026-01-25 01:05:11] Found checksum file: PreservationApp.exe.sha256
[2026-01-25 01:05:11] Checksum available for verification: 758B2000587DBDE3...
[2026-01-25 01:05:11] Latest version found: 1.0.0
[2026-01-25 01:05:11] App is up to date
[2026-01-25 09:02:02] UpdateManager initialized. Current version: 1.0.0
[2026-01-25 09:02:02] Checking for updates...
[2026-01-25 09:02:04] Found checksum file: PreservationApp.exe.sha256
[2026-01-25 09:02:04] Checksum available for verification: 758B2000587DBDE3...
[2026-01-25 09:02:04] Latest version found: 1.0.0
[2026-01-25 09:02:04] App is up to date
[2026-01-26 01:45:53] UpdateManager initialized. Current version: 1.0.0
[2026-01-26 01:45:53] Checking for updates...
[2026-01-26 01:45:54] Found checksum file: PreservationApp.exe.sha256
[2026-01-26 01:45:54] Checksum available for verification: 758B2000587DBDE3...
[2026-01-26 01:45:54] Latest version found: 1.0.0
[2026-01-26 01:45:54] App is up to date
[2026-01-26 03:30:46] UpdateManager initialized. Current version: 1.0.0
[2026-01-26 03:30:46] Checking for updates...
[2026-01-26 03:30:48] Found checksum file: PreservationApp.exe.sha256
[2026-01-26 03:30:48] Checksum available for verification: 758B2000587DBDE3...
[2026-01-26 03:30:48] Latest version found: 1.0.0
[2026-01-26 03:30:48] App is up to date
[2026-01-26 03:34:29] UpdateManager initialized. Current version: 1.0.0
[2026-01-26 03:34:29] Checking for updates...
[2026-01-26 03:34:30] Found checksum file: PreservationApp.exe.sha256
[2026-01-26 03:34:30] Checksum available for verification: 758B2000587DBDE3...
[2026-01-26 03:34:30] Latest version found: 1.0.0
[2026-01-26 03:34:30] App is up to date
[2026-01-26 04:01:30] UpdateManager initialized. Current version: 1.0.0
[2026-01-26 04:01:30] Checking for updates...
[2026-01-26 04:01:31] Found checksum file: PreservationApp.exe.sha256
[2026-01-26 04:01:31] Checksum available for verification: 758B2000587DBDE3...
[2026-01-26 04:01:31] Latest version found: 1.0.0
[2026-01-26 04:01:31] App is up to date
[2026-01-26 04:10:01] UpdateManager initialized. Current version: 1.0.0
[2026-01-26 04:10:01] Checking for updates...
[2026-01-26 04:10:02] Found checksum file: PreservationApp.exe.sha256
[2026-01-26 04:10:02] Checksum available for verification: 758B2000587DBDE3...
[2026-01-26 04:10:02] Latest version found: 1.0.0
[2026-01-26 04:10:02] App is up to date
[2026-01-26 04:33:51] UpdateManager initialized. Current version: 1.0.0
[2026-01-26 04:33:51] Checking for updates...
[2026-01-26 04:33:53] Found checksum file: PreservationApp.exe.sha256
[2026-01-26 04:33:53] Checksum available for verification: 758B2000587DBDE3...
[2026-01-26 04:33:53] Latest version found: 1.0.0
[2026-01-26 04:33:53] App is up to date
[2026-01-26 04:37:31] UpdateManager initialized. Current version: 1.0.0
[2026-01-26 04:37:31] Checking for updates...
[2026-01-26 04:37:32] Found checksum file: PreservationApp.exe.sha256
[2026-01-26 04:37:32] Checksum available for verification: 758B2000587DBDE3...
[2026-01-26 04:37:32] Latest version found: 1.0.0
[2026-01-26 04:37:32] App is up to date
[2026-01-26 04:46:28] UpdateManager initialized. Current version: 1.0.0
[2026-01-26 04:46:28] Checking for updates...
[2026-01-26 04:46:29] Found checksum file: PreservationApp.exe.sha256
[2026-01-26 04:46:29] Checksum available for verification: 758B2000587DBDE3...
[2026-01-26 04:46:29] Latest version found: 1.0.0
[2026-01-26 04:46:29] App is up to date
[2026-01-26 06:24:22] UpdateManager initialized. Current version: 1.0.0
[2026-01-26 06:24:22] Checking for updates...
[2026-01-26 06:24:24] Found checksum file: PreservationApp.exe.sha256
[2026-01-26 06:24:24] Checksum available for verification: 758B2000587DBDE3...
[2026-01-26 06:24:24] Latest version found: 1.0.0
[2026-01-26 06:24:24] App is up to date
[2026-01-26 06:39:49] UpdateManager initialized. Current version: 1.0.0
[2026-01-26 06:39:49] Checking for updates...
[2026-01-26 06:39:51] Found checksum file: PreservationApp.exe.sha256
[2026-01-26 06:39:51] Checksum available for verification: 758B2000587DBDE3...
[2026-01-26 06:39:51] Latest version found: 1.0.0
[2026-01-26 06:39:51] App is up to date
[2026-01-26 07:04:14] UpdateManager initialized. Current version: 1.0.0
[2026-01-26 07:04:14] Checking for updates...
[2026-01-26 07:04:16] Found checksum file: PreservationApp.exe.sha256
[2026-01-26 07:04:16] Checksum available for verification: 758B2000587DBDE3...
[2026-01-26 07:04:16] Latest version found: 1.0.0
[2026-01-26 07:04:16] App is up to date
[2026-01-26 08:52:27] UpdateManager initialized. Current version: 1.0.0
[2026-01-26 08:52:27] Checking for updates...
[2026-01-26 08:52:29] Found checksum file: PreservationApp.exe.sha256
[2026-01-26 08:52:29] Checksum available for verification: 758B2000587DBDE3...
[2026-01-26 08:52:29] Latest version found: 1.0.0
[2026-01-26 08:52:29] App is up to date
[2026-01-26 08:59:21] UpdateManager initialized. Current version: 1.0.0
[2026-01-26 08:59:21] Checking for updates...
[2026-01-26 08:59:22] Found checksum file: PreservationApp.exe.sha256
[2026-01-26 08:59:22] Checksum available for verification: 758B2000587DBDE3...
[2026-01-26 08:59:22] Latest version found: 1.0.0
[2026-01-26 08:59:22] App is up to date
[2026-01-26 11:29:02] UpdateManager initialized. Current version: 1.0.0
[2026-01-26 11:29:02] Checking for updates...
[2026-01-26 11:29:04] Found checksum file: PreservationApp.exe.sha256
[2026-01-26 11:29:04] Checksum available for verification: 758B2000587DBDE3...
[2026-01-26 11:29:04] Latest version found: 1.0.0
[2026-01-26 11:29:04] App is up to date
[2026-01-26 11:32:43] UpdateManager initialized. Current version: 1.0.0
[2026-01-26 11:32:43] Checking for updates...
[2026-01-26 11:32:44] Found checksum file: PreservationApp.exe.sha256
[2026-01-26 11:32:44] Checksum available for verification: 758B2000587DBDE3...
[2026-01-26 11:32:44] Latest version found: 1.0.0
[2026-01-26 11:32:44] App is up to date
[2026-01-26 11:47:41] UpdateManager initialized. Current version: 1.0.0
[2026-01-26 11:47:41] Checking for updates...
[2026-01-26 11:47:42] Found checksum file: PreservationApp.exe.sha256
[2026-01-26 11:47:42] Checksum available for verification: 758B2000587DBDE3...
[2026-01-26 11:47:42] Latest version found: 1.0.0
[2026-01-26 11:47:42] App is up to date
[2026-01-26 11:50:11] UpdateManager initialized. Current version: 1.0.0
[2026-01-26 11:50:11] Checking for updates...
[2026-01-26 11:50:12] Found checksum file: PreservationApp.exe.sha256
[2026-01-26 11:50:12] Checksum available for verification: 758B2000587DBDE3...
[2026-01-26 11:50:12] Latest version found: 1.0.0
[2026-01-26 11:50:12] App is up to date
[2026-01-26 11:53:10] UpdateManager initialized. Current version: 1.0.0
[2026-01-26 11:53:10] Checking for updates...
[2026-01-26 11:53:11] Found checksum file: PreservationApp.exe.sha256
[2026-01-26 11:53:11] Checksum available for verification: 758B2000587DBDE3...
[2026-01-26 11:53:11] Latest version found: 1.0.0
[2026-01-26 11:53:11] App is up to date
[2026-01-26 15:53:42] UpdateManager initialized. Current version: 1.0.0
[2026-01-26 15:53:42] Checking for updates...
[2026-01-26 15:53:44] Found checksum file: PreservationApp.exe.sha256
[2026-01-26 15:53:44] Checksum available for verification: 758B2000587DBDE3...
[2026-01-26 15:53:44] Latest version found: 1.0.0
[2026-01-26 15:53:44] App is up to date
[2026-01-27 08:50:23] UpdateManager initialized. Current version: 1.0.0
[2026-01-27 08:50:23] Checking for updates...
[2026-01-27 08:50:24] Found checksum file: PreservationApp.exe.sha256
[2026-01-27 08:50:24] Checksum available for verification: 758B2000587DBDE3...
[2026-01-27 08:50:24] Latest version found: 1.0.0
[2026-01-27 08:50:24] App is up to date
[2026-01-27 15:07:11] UpdateManager initialized. Current version: 1.0.0
[2026-01-27 15:07:11] Checking for updates...
[2026-01-27 15:07:12] Found checksum file: PreservationApp.exe.sha256
[2026-01-27 15:07:12] Checksum available for verification: 758B2000587DBDE3...
[2026-01-27 15:07:12] Latest version found: 1.0.0
[2026-01-27 15:07:12] App is up to date
[2026-01-27 16:06:15] UpdateManager initialized. Current version: 1.0.0
[2026-01-27 16:06:15] Checking for updates...
[2026-01-27 16:06:16] Found checksum file: PreservationApp.exe.sha256
[2026-01-27 16:06:16] Checksum available for verification: 758B2000587DBDE3...
[2026-01-27 16:06:16] Latest version found: 1.0.0
[2026-01-27 16:06:16] App is up to date
[2026-01-27 16:06:24] UpdateManager initialized. Current version: 1.0.0
[2026-01-27 16:06:24] Checking for updates...
[2026-01-27 16:06:25] Found checksum file: PreservationApp.exe.sha256
[2026-01-27 16:06:25] Checksum available for verification: 758B2000587DBDE3...
[2026-01-27 16:06:25] Latest version found: 1.0.0
[2026-01-27 16:06:25] App is up to date
[2026-01-27 16:39:50] UpdateManager initialized. Current version: 1.1.1
[2026-01-27 16:39:50] Checking for updates...
[2026-01-27 16:39:52] Found checksum file: PreservationApp.exe.sha256
[2026-01-27 16:39:52] Checksum available for verification: 758B2000587DBDE3...
[2026-01-27 16:39:52] Latest version found: 1.0.0
[2026-01-27 16:39:52] App is up to date
[2026-01-27 16:49:59] UpdateManager initialized. Current version: 1.1.1
[2026-01-27 16:49:59] Checking for updates...
[2026-01-27 16:50:00] Found checksum file: PreservationApp.exe.sha256
[2026-01-27 16:50:00] Checksum available for verification: 758B2000587DBDE3...
[2026-01-27 16:50:00] Latest version found: 1.0.0
[2026-01-27 16:50:00] App is up to date
[2026-01-27 18:22:28] UpdateManager initialized. Current version: 1.1.1
[2026-01-27 18:22:28] Checking for updates...
[2026-01-27 18:22:29] Found checksum file: Preservation.Universe.exe.sha256
[2026-01-27 18:22:29] Checksum available for verification: 54692B693BAE11CC...
[2026-01-27 18:22:29] Latest version found: 1.1.1
[2026-01-27 18:22:29] App is up to date
[2026-01-27 18:32:03] UpdateManager initialized. Current version: 1.1.1
[2026-01-27 18:32:03] Checking for updates...
[2026-01-27 18:32:04] Found checksum file: Preservation.Universe.exe.sha256
[2026-01-27 18:32:04] Checksum available for verification: 54692B693BAE11CC...
[2026-01-27 18:32:04] Latest version found: 1.1.1
[2026-01-27 18:32:04] App is up to date
[2026-01-28 15:01:26] UpdateManager initialized. Current version: 1.1.1
[2026-01-28 15:01:26] Checking for updates...
[2026-01-28 15:01:27] Found checksum file: Preservation.Universe.exe.sha256
[2026-01-28 15:01:27] Checksum available for verification: 54692B693BAE11CC...
[2026-01-28 15:01:27] Latest version found: 1.1.1
[2026-01-28 15:01:27] App is up to date
[2026-01-28 15:18:55] UpdateManager initialized. Current version: 1.1.1
[2026-01-28 15:18:55] Checking for updates...
[2026-01-28 15:18:56] Found checksum file: Preservation.Universe.exe.sha256
[2026-01-28 15:18:56] Checksum available for verification: 54692B693BAE11CC...
[2026-01-28 15:18:56] Latest version found: 1.1.1
[2026-01-28 15:18:56] App is up to date
[2026-01-28 15:23:38] UpdateManager initialized. Current version: 1.1.1
[2026-01-28 15:23:38] Checking for updates...
[2026-01-28 15:23:39] Found checksum file: Preservation.Universe.exe.sha256
[2026-01-28 15:23:39] Checksum available for verification: 54692B693BAE11CC...
[2026-01-28 15:23:39] Latest version found: 1.1.1
[2026-01-28 15:23:39] App is up to date
[2026-01-29 06:21:59] UpdateManager initialized. Current version: 1.2.1
[2026-01-29 06:21:59] Checking for updates...
[2026-01-29 06:22:01] Found checksum file: Preservation.Universe.exe.sha256
[2026-01-29 06:22:01] Checksum available for verification: 54692B693BAE11CC...
[2026-01-29 06:22:01] Latest version found: 1.1.1
[2026-01-29 06:22:01] App is up to date
[2026-02-03 08:39:54] UpdateManager initialized. Current version: 1.2.1
[2026-02-03 08:39:54] Checking for updates...
[2026-02-03 08:39:57] Found checksum file: Preservation.Universe.exe.sha256
[2026-02-03 08:39:57] Checksum available for verification: 54692B693BAE11CC...
[2026-02-03 08:39:57] Latest version found: 1.1.1
[2026-02-03 08:39:57] App is up to date
[2026-02-03 15:38:48] UpdateManager initialized. Current version: 1.2.1
[2026-02-03 15:38:48] Checking for updates...
[2026-02-03 15:38:53] Found checksum file: Preservation.Universe.exe.sha256
[2026-02-03 15:38:53] Checksum available for verification: 54692B693BAE11CC...
[2026-02-03 15:38:53] Latest version found: 1.1.1
[2026-02-03 15:38:53] App is up to date
[2026-02-19 12:04:49] UpdateManager initialized. Current version: 1.2.1
[2026-02-19 12:04:49] Checking for updates...
[2026-02-19 12:04:51] Found checksum file: Preservation.Universe.exe.sha256
[2026-02-19 12:04:51] Checksum available for verification: 54692B693BAE11CC...
[2026-02-19 12:04:51] Latest version found: 1.1.1
[2026-02-19 12:04:51] App is up to date
[2026-02-19 12:10:06] UpdateManager initialized. Current version: 1.2.1
[2026-02-19 12:10:06] Checking for updates...
[2026-02-19 12:10:07] Found checksum file: Preservation.Universe.exe.sha256
[2026-02-19 12:10:07] Checksum available for verification: 54692B693BAE11CC...
[2026-02-19 12:10:07] Latest version found: 1.1.1
[2026-02-19 12:10:07] App is up to date
[2026-02-19 12:17:38] UpdateManager initialized. Current version: 1.2.1
[2026-02-19 12:17:38] Checking for updates...
[2026-02-19 12:17:39] Found checksum file: Preservation.Universe.exe.sha256
[2026-02-19 12:17:39] Checksum available for verification: 54692B693BAE11CC...
[2026-02-19 12:17:39] Latest version found: 1.1.1
[2026-02-19 12:17:39] App is up to date
[2026-02-19 12:35:35] UpdateManager initialized. Current version: 1.2.1
[2026-02-19 12:35:35] Checking for updates...
[2026-02-19 12:35:36] Found checksum file: Preservation.Universe.exe.sha256
[2026-02-19 12:35:36] Checksum available for verification: 54692B693BAE11CC...
[2026-02-19 12:35:36] Latest version found: 1.1.1
[2026-02-19 12:35:36] App is up to date
[2026-02-19 12:41:49] UpdateManager initialized. Current version: 1.2.1
[2026-02-19 12:41:49] Checking for updates...
[2026-02-19 12:41:50] Found checksum file: Preservation.Universe.exe.sha256
[2026-02-19 12:41:50] Checksum available for verification: 54692B693BAE11CC...
[2026-02-19 12:41:50] Latest version found: 1.1.1
[2026-02-19 12:41:50] App is up to date
[2026-02-19 13:03:14] UpdateManager initialized. Current version: 1.2.1
[2026-02-19 13:03:14] Checking for updates...
[2026-02-19 13:03:15] Found checksum file: Preservation.Universe.exe.sha256
[2026-02-19 13:03:15] Checksum available for verification: 54692B693BAE11CC...
[2026-02-19 13:03:15] Latest version found: 1.1.1
[2026-02-19 13:03:15] App is up to date
