[2026-01-22 16:22:48] ============================================================
[2026-01-22 16:22:48] Updater started
[2026-01-22 16:22:48] Download URL: https://github.com/mahinkhan1408/TVL/releases/download/v1.0.0/PreservationApp.exe
[2026-01-22 16:22:48] Target EXE: C:\Scr\TVL\dist\PreservationApp.exe
[2026-01-22 16:22:48] Version: 1.0.0
[2026-01-22 16:22:48] Expected SHA256: 758B2000587DBDE3...
[2026-01-22 16:22:48] Waiting for PreservationApp.exe to exit...
[2026-01-22 16:22:49] PreservationApp.exe has exited
[2026-01-22 16:22:50] Backup created: C:\Scr\TVL\dist\PreservationApp.exe.backup
[2026-01-22 16:22:50] Downloading from https://github.com/mahinkhan1408/TVL/releases/download/v1.0.0/PreservationApp.exe...
[2026-01-22 16:22:52] Downloaded 81920/39971592 bytes (0.2%)
[2026-01-22 16:22:52] Downloaded 163840/39971592 bytes (0.4%)
[2026-01-22 16:22:52] Downloaded 245760/39971592 bytes (0.6%)
[2026-01-22 16:22:52] Downloaded 327680/39971592 bytes (0.8%)
[2026-01-22 16:22:53] Downloaded 409600/39971592 bytes (1.0%)
[2026-01-22 16:22:53] Downloaded 491520/39971592 bytes (1.2%)
[2026-01-22 16:22:53] Downloaded 573440/39971592 bytes (1.4%)
[2026-01-22 16:22:53] Downloaded 655360/39971592 bytes (1.6%)
[2026-01-22 16:22:53] Downloaded 737280/39971592 bytes (1.8%)
[2026-01-22 16:22:53] Downloaded 819200/39971592 bytes (2.0%)
[2026-01-22 16:22:53] Downloaded 901120/39971592 bytes (2.3%)
[2026-01-22 16:22:53] Downloaded 983040/39971592 bytes (2.5%)
[2026-01-22 16:22:53] Downloaded 1064960/39971592 bytes (2.7%)
[2026-01-22 16:22:53] Downloaded 1146880/39971592 bytes (2.9%)
[2026-01-22 16:22:53] Downloaded 1228800/39971592 bytes (3.1%)
[2026-01-22 16:22:53] Downloaded 1310720/39971592 bytes (3.3%)
[2026-01-22 16:22:53] Downloaded 1392640/39971592 bytes (3.5%)
[2026-01-22 16:22:53] Downloaded 1474560/39971592 bytes (3.7%)
[2026-01-22 16:22:53] Downloaded 1556480/39971592 bytes (3.9%)
[2026-01-22 16:22:53] Downloaded 1638400/39971592 bytes (4.1%)
[2026-01-22 16:22:53] Downloaded 1720320/39971592 bytes (4.3%)
[2026-01-22 16:22:53] Downloaded 1802240/39971592 bytes (4.5%)
[2026-01-22 16:22:54] Downloaded 1884160/39971592 bytes (4.7%)
[2026-01-22 16:22:54] Downloaded 1966080/39971592 bytes (4.9%)
[2026-01-22 16:22:54] Downloaded 2048000/39971592 bytes (5.1%)
[2026-01-22 16:22:54] Downloaded 2129920/39971592 bytes (5.3%)
[2026-01-22 16:22:54] Downloaded 2211840/39971592 bytes (5.5%)
[2026-01-22 16:22:54] Downloaded 2293760/39971592 bytes (5.7%)
[2026-01-22 16:22:54] Downloaded 2375680/39971592 bytes (5.9%)
[2026-01-22 16:22:54] Downloaded 2457600/39971592 bytes (6.1%)
[2026-01-22 16:22:54] Downloaded 2539520/39971592 bytes (6.4%)
[2026-01-22 16:22:54] Downloaded 2621440/39971592 bytes (6.6%)
[2026-01-22 16:22:54] Downloaded 2703360/39971592 bytes (6.8%)
[2026-01-22 16:22:54] Downloaded 2785280/39971592 bytes (7.0%)
[2026-01-22 16:22:54] Downloaded 2867200/39971592 bytes (7.2%)
[2026-01-22 16:22:54] Downloaded 2949120/39971592 bytes (7.4%)
[2026-01-22 16:22:54] Downloaded 3031040/39971592 bytes (7.6%)
[2026-01-22 16:22:54] Downloaded 3112960/39971592 bytes (7.8%)
[2026-01-22 16:22:54] Downloaded 3194880/39971592 bytes (8.0%)
[2026-01-22 16:22:54] Downloaded 3276800/39971592 bytes (8.2%)
[2026-01-22 16:22:55] Downloaded 3358720/39971592 bytes (8.4%)
[2026-01-22 16:22:55] Downloaded 3440640/39971592 bytes (8.6%)
[2026-01-22 16:22:55] Downloaded 3522560/39971592 bytes (8.8%)
[2026-01-22 16:22:55] Downloaded 3604480/39971592 bytes (9.0%)
[2026-01-22 16:22:55] Downloaded 3686400/39971592 bytes (9.2%)
[2026-01-22 16:22:55] Downloaded 3768320/39971592 bytes (9.4%)
[2026-01-22 16:22:55] Downloaded 3850240/39971592 bytes (9.6%)
[2026-01-22 16:22:55] Downloaded 3932160/39971592 bytes (9.8%)
[2026-01-22 16:22:55] Downloaded 4014080/39971592 bytes (10.0%)
[2026-01-22 16:22:55] Downloaded 4096000/39971592 bytes (10.2%)
[2026-01-22 16:22:55] Downloaded 4177920/39971592 bytes (10.5%)
[2026-01-22 16:22:55] Downloaded 4259840/39971592 bytes (10.7%)
[2026-01-22 16:22:55] Downloaded 4341760/39971592 bytes (10.9%)
[2026-01-22 16:22:55] Downloaded 4423680/39971592 bytes (11.1%)
[2026-01-22 16:22:55] Downloaded 4505600/39971592 bytes (11.3%)
[2026-01-22 16:22:55] Downloaded 4587520/39971592 bytes (11.5%)
[2026-01-22 16:22:55] Downloaded 4669440/39971592 bytes (11.7%)
[2026-01-22 16:22:55] Downloaded 4751360/39971592 bytes (11.9%)
[2026-01-22 16:22:55] Downloaded 4833280/39971592 bytes (12.1%)
[2026-01-22 16:22:55] Downloaded 4915200/39971592 bytes (12.3%)
[2026-01-22 16:22:56] Downloaded 4997120/39971592 bytes (12.5%)
[2026-01-22 16:22:56] Downloaded 5079040/39971592 bytes (12.7%)
[2026-01-22 16:22:56] Downloaded 5160960/39971592 bytes (12.9%)
[2026-01-22 16:22:56] Downloaded 5242880/39971592 bytes (13.1%)
[2026-01-22 16:22:56] Downloaded 5324800/39971592 bytes (13.3%)
[2026-01-22 16:22:57] Downloaded 5406720/39971592 bytes (13.5%)
[2026-01-22 16:22:57] Downloaded 5488640/39971592 bytes (13.7%)
[2026-01-22 16:22:57] Downloaded 5570560/39971592 bytes (13.9%)
[2026-01-22 16:22:57] Downloaded 5652480/39971592 bytes (14.1%)
[2026-01-22 16:22:57] Downloaded 5734400/39971592 bytes (14.3%)
[2026-01-22 16:22:57] Downloaded 5816320/39971592 bytes (14.6%)
[2026-01-22 16:22:57] Downloaded 5898240/39971592 bytes (14.8%)
[2026-01-22 16:22:57] Downloaded 5980160/39971592 bytes (15.0%)
[2026-01-22 16:22:57] Downloaded 6062080/39971592 bytes (15.2%)
[2026-01-22 16:22:57] Downloaded 6144000/39971592 bytes (15.4%)
[2026-01-22 16:22:58] Downloaded 6225920/39971592 bytes (15.6%)
[2026-01-22 16:22:58] Downloaded 6307840/39971592 bytes (15.8%)
[2026-01-22 16:22:58] Downloaded 6389760/39971592 bytes (16.0%)
[2026-01-22 16:22:58] Downloaded 6471680/39971592 bytes (16.2%)
[2026-01-22 16:22:58] Downloaded 6553600/39971592 bytes (16.4%)
[2026-01-22 16:22:58] Downloaded 6635520/39971592 bytes (16.6%)
[2026-01-22 16:22:58] Downloaded 6717440/39971592 bytes (16.8%)
[2026-01-22 16:22:58] Downloaded 6799360/39971592 bytes (17.0%)
[2026-01-22 16:22:58] Downloaded 6881280/39971592 bytes (17.2%)
[2026-01-22 16:22:58] Downloaded 6963200/39971592 bytes (17.4%)
[2026-01-22 16:22:58] Downloaded 7045120/39971592 bytes (17.6%)
[2026-01-22 16:22:58] Downloaded 7127040/39971592 bytes (17.8%)
[2026-01-22 16:22:59] Downloaded 7208960/39971592 bytes (18.0%)
[2026-01-22 16:22:59] Downloaded 7290880/39971592 bytes (18.2%)
[2026-01-22 16:22:59] Downloaded 7372800/39971592 bytes (18.4%)
[2026-01-22 16:22:59] Downloaded 7454720/39971592 bytes (18.7%)
[2026-01-22 16:22:59] Downloaded 7536640/39971592 bytes (18.9%)
[2026-01-22 16:22:59] Downloaded 7618560/39971592 bytes (19.1%)
[2026-01-22 16:22:59] Downloaded 7700480/39971592 bytes (19.3%)
[2026-01-22 16:22:59] Downloaded 7782400/39971592 bytes (19.5%)
[2026-01-22 16:22:59] Downloaded 7864320/39971592 bytes (19.7%)
[2026-01-22 16:22:59] Downloaded 7946240/39971592 bytes (19.9%)
[2026-01-22 16:22:59] Downloaded 8028160/39971592 bytes (20.1%)
[2026-01-22 16:23:00] Downloaded 8110080/39971592 bytes (20.3%)
[2026-01-22 16:23:00] Downloaded 8192000/39971592 bytes (20.5%)
[2026-01-22 16:23:00] Downloaded 8273920/39971592 bytes (20.7%)
[2026-01-22 16:23:00] Downloaded 8355840/39971592 bytes (20.9%)
[2026-01-22 16:23:00] Downloaded 8437760/39971592 bytes (21.1%)
[2026-01-22 16:23:00] Downloaded 8519680/39971592 bytes (21.3%)
[2026-01-22 16:23:00] Downloaded 8601600/39971592 bytes (21.5%)
[2026-01-22 16:23:00] Downloaded 8683520/39971592 bytes (21.7%)
[2026-01-22 16:23:00] Downloaded 8765440/39971592 bytes (21.9%)
[2026-01-22 16:23:00] Downloaded 8847360/39971592 bytes (22.1%)
[2026-01-22 16:23:00] Downloaded 8929280/39971592 bytes (22.3%)
[2026-01-22 16:23:01] Downloaded 9011200/39971592 bytes (22.5%)
[2026-01-22 16:23:01] Downloaded 9093120/39971592 bytes (22.7%)
[2026-01-22 16:23:01] Downloaded 9175040/39971592 bytes (23.0%)
[2026-01-22 16:23:01] Downloaded 9256960/39971592 bytes (23.2%)
[2026-01-22 16:23:01] Downloaded 9338880/39971592 bytes (23.4%)
[2026-01-22 16:23:01] Downloaded 9420800/39971592 bytes (23.6%)
[2026-01-22 16:23:01] Downloaded 9502720/39971592 bytes (23.8%)
[2026-01-22 16:23:01] Downloaded 9584640/39971592 bytes (24.0%)
[2026-01-22 16:23:01] Downloaded 9666560/39971592 bytes (24.2%)
[2026-01-22 16:23:01] Downloaded 9748480/39971592 bytes (24.4%)
[2026-01-22 16:23:01] Downloaded 9830400/39971592 bytes (24.6%)
[2026-01-22 16:23:02] Downloaded 9912320/39971592 bytes (24.8%)
[2026-01-22 16:23:02] Downloaded 9994240/39971592 bytes (25.0%)
[2026-01-22 16:23:02] Downloaded 10076160/39971592 bytes (25.2%)
[2026-01-22 16:23:02] Downloaded 10158080/39971592 bytes (25.4%)
[2026-01-22 16:23:02] Downloaded 10240000/39971592 bytes (25.6%)
[2026-01-22 16:23:02] Downloaded 10321920/39971592 bytes (25.8%)
[2026-01-22 16:23:02] Downloaded 10403840/39971592 bytes (26.0%)
[2026-01-22 16:23:02] Downloaded 10485760/39971592 bytes (26.2%)
[2026-01-22 16:23:03] Downloaded 10567680/39971592 bytes (26.4%)
[2026-01-22 16:23:03] Downloaded 10649600/39971592 bytes (26.6%)
[2026-01-22 16:23:03] Downloaded 10731520/39971592 bytes (26.8%)
[2026-01-22 16:23:03] Downloaded 10813440/39971592 bytes (27.1%)
[2026-01-22 16:23:03] Downloaded 10895360/39971592 bytes (27.3%)
[2026-01-22 16:23:03] Downloaded 10977280/39971592 bytes (27.5%)
[2026-01-22 16:23:03] Downloaded 11059200/39971592 bytes (27.7%)
[2026-01-22 16:23:03] Downloaded 11141120/39971592 bytes (27.9%)
[2026-01-22 16:23:03] Downloaded 11223040/39971592 bytes (28.1%)
[2026-01-22 16:23:04] Downloaded 11304960/39971592 bytes (28.3%)
[2026-01-22 16:23:04] Downloaded 11386880/39971592 bytes (28.5%)
[2026-01-22 16:23:04] Downloaded 11468800/39971592 bytes (28.7%)
[2026-01-22 16:23:04] Downloaded 11550720/39971592 bytes (28.9%)
[2026-01-22 16:23:04] Downloaded 11632640/39971592 bytes (29.1%)
[2026-01-22 16:23:04] Downloaded 11714560/39971592 bytes (29.3%)
[2026-01-22 16:23:04] Downloaded 11796480/39971592 bytes (29.5%)
[2026-01-22 16:23:04] Downloaded 11878400/39971592 bytes (29.7%)
[2026-01-22 16:23:04] Downloaded 11960320/39971592 bytes (29.9%)
[2026-01-22 16:23:04] Downloaded 12042240/39971592 bytes (30.1%)
[2026-01-22 16:23:04] Downloaded 12124160/39971592 bytes (30.3%)
[2026-01-22 16:23:04] Downloaded 12206080/39971592 bytes (30.5%)
[2026-01-22 16:23:04] Downloaded 12288000/39971592 bytes (30.7%)
[2026-01-22 16:23:04] Downloaded 12369920/39971592 bytes (30.9%)
[2026-01-22 16:23:04] Downloaded 12451840/39971592 bytes (31.2%)
[2026-01-22 16:23:05] Downloaded 12533760/39971592 bytes (31.4%)
[2026-01-22 16:23:05] Downloaded 12615680/39971592 bytes (31.6%)
[2026-01-22 16:23:05] Downloaded 12697600/39971592 bytes (31.8%)
[2026-01-22 16:23:05] Downloaded 12779520/39971592 bytes (32.0%)
[2026-01-22 16:23:05] Downloaded 12861440/39971592 bytes (32.2%)
[2026-01-22 16:23:05] Downloaded 12943360/39971592 bytes (32.4%)
[2026-01-22 16:23:05] Downloaded 13025280/39971592 bytes (32.6%)
[2026-01-22 16:23:05] Downloaded 13107200/39971592 bytes (32.8%)
[2026-01-22 16:23:05] Downloaded 13189120/39971592 bytes (33.0%)
[2026-01-22 16:23:05] Downloaded 13271040/39971592 bytes (33.2%)
[2026-01-22 16:23:05] Downloaded 13352960/39971592 bytes (33.4%)
[2026-01-22 16:23:05] Downloaded 13434880/39971592 bytes (33.6%)
[2026-01-22 16:23:05] Downloaded 13516800/39971592 bytes (33.8%)
[2026-01-22 16:23:05] Downloaded 13598720/39971592 bytes (34.0%)
[2026-01-22 16:23:05] Downloaded 13680640/39971592 bytes (34.2%)
[2026-01-22 16:23:05] Downloaded 13762560/39971592 bytes (34.4%)
[2026-01-22 16:23:06] Downloaded 13844480/39971592 bytes (34.6%)
[2026-01-22 16:23:06] Downloaded 13926400/39971592 bytes (34.8%)
[2026-01-22 16:23:06] Downloaded 14008320/39971592 bytes (35.0%)
[2026-01-22 16:23:06] Downloaded 14090240/39971592 bytes (35.3%)
[2026-01-22 16:23:06] Downloaded 14172160/39971592 bytes (35.5%)
[2026-01-22 16:23:06] Downloaded 14254080/39971592 bytes (35.7%)
[2026-01-22 16:23:06] Downloaded 14336000/39971592 bytes (35.9%)
[2026-01-22 16:23:06] Downloaded 14417920/39971592 bytes (36.1%)
[2026-01-22 16:23:06] Downloaded 14499840/39971592 bytes (36.3%)
[2026-01-22 16:23:06] Downloaded 14581760/39971592 bytes (36.5%)
[2026-01-22 16:23:06] Downloaded 14663680/39971592 bytes (36.7%)
[2026-01-22 16:23:06] Downloaded 14745600/39971592 bytes (36.9%)
[2026-01-22 16:23:06] Downloaded 14827520/39971592 bytes (37.1%)
[2026-01-22 16:23:06] Downloaded 14909440/39971592 bytes (37.3%)
[2026-01-22 16:23:06] Downloaded 14991360/39971592 bytes (37.5%)
[2026-01-22 16:23:06] Downloaded 15073280/39971592 bytes (37.7%)
[2026-01-22 16:23:07] Downloaded 15155200/39971592 bytes (37.9%)
[2026-01-22 16:23:07] Downloaded 15237120/39971592 bytes (38.1%)
[2026-01-22 16:23:07] Downloaded 15319040/39971592 bytes (38.3%)
[2026-01-22 16:23:07] Downloaded 15400960/39971592 bytes (38.5%)
[2026-01-22 16:23:07] Downloaded 15482880/39971592 bytes (38.7%)
[2026-01-22 16:23:07] Downloaded 15564800/39971592 bytes (38.9%)
[2026-01-22 16:23:07] Downloaded 15646720/39971592 bytes (39.1%)
[2026-01-22 16:23:07] Downloaded 15728640/39971592 bytes (39.3%)
[2026-01-22 16:23:07] Downloaded 15810560/39971592 bytes (39.6%)
[2026-01-22 16:23:07] Downloaded 15892480/39971592 bytes (39.8%)
[2026-01-22 16:23:07] Downloaded 15974400/39971592 bytes (40.0%)
[2026-01-22 16:23:07] Downloaded 16056320/39971592 bytes (40.2%)
[2026-01-22 16:23:07] Downloaded 16138240/39971592 bytes (40.4%)
[2026-01-22 16:23:07] Downloaded 16220160/39971592 bytes (40.6%)
[2026-01-22 16:23:08] Downloaded 16302080/39971592 bytes (40.8%)
[2026-01-22 16:23:08] Downloaded 16384000/39971592 bytes (41.0%)
[2026-01-22 16:23:08] Downloaded 16465920/39971592 bytes (41.2%)
[2026-01-22 16:23:08] Downloaded 16547840/39971592 bytes (41.4%)
[2026-01-22 16:23:08] Downloaded 16629760/39971592 bytes (41.6%)
[2026-01-22 16:23:08] Downloaded 16711680/39971592 bytes (41.8%)
[2026-01-22 16:23:08] Downloaded 16793600/39971592 bytes (42.0%)
[2026-01-22 16:23:08] Downloaded 16875520/39971592 bytes (42.2%)
[2026-01-22 16:23:08] Downloaded 16957440/39971592 bytes (42.4%)
[2026-01-22 16:23:08] Downloaded 17039360/39971592 bytes (42.6%)
[2026-01-22 16:23:08] Downloaded 17121280/39971592 bytes (42.8%)
[2026-01-22 16:23:08] Downloaded 17203200/39971592 bytes (43.0%)
[2026-01-22 16:23:08] Downloaded 17285120/39971592 bytes (43.2%)
[2026-01-22 16:23:08] Downloaded 17367040/39971592 bytes (43.4%)
[2026-01-22 16:23:08] Downloaded 17448960/39971592 bytes (43.7%)
[2026-01-22 16:23:09] Downloaded 17530880/39971592 bytes (43.9%)
[2026-01-22 16:23:09] Downloaded 17612800/39971592 bytes (44.1%)
[2026-01-22 16:23:09] Downloaded 17694720/39971592 bytes (44.3%)
[2026-01-22 16:23:09] Downloaded 17776640/39971592 bytes (44.5%)
[2026-01-22 16:23:09] Downloaded 17858560/39971592 bytes (44.7%)
[2026-01-22 16:23:09] Downloaded 17940480/39971592 bytes (44.9%)
[2026-01-22 16:23:09] Downloaded 18022400/39971592 bytes (45.1%)
[2026-01-22 16:23:09] Downloaded 18104320/39971592 bytes (45.3%)
[2026-01-22 16:23:09] Downloaded 18186240/39971592 bytes (45.5%)
[2026-01-22 16:23:09] Downloaded 18268160/39971592 bytes (45.7%)
[2026-01-22 16:23:09] Downloaded 18350080/39971592 bytes (45.9%)
[2026-01-22 16:23:09] Downloaded 18432000/39971592 bytes (46.1%)
[2026-01-22 16:23:09] Downloaded 18513920/39971592 bytes (46.3%)
[2026-01-22 16:23:09] Downloaded 18595840/39971592 bytes (46.5%)
[2026-01-22 16:23:10] Downloaded 18677760/39971592 bytes (46.7%)
[2026-01-22 16:23:10] Downloaded 18759680/39971592 bytes (46.9%)
[2026-01-22 16:23:10] Downloaded 18841600/39971592 bytes (47.1%)
[2026-01-22 16:23:10] Downloaded 18923520/39971592 bytes (47.3%)
[2026-01-22 16:23:10] Downloaded 19005440/39971592 bytes (47.5%)
[2026-01-22 16:23:10] Downloaded 19087360/39971592 bytes (47.8%)
[2026-01-22 16:23:10] Downloaded 19169280/39971592 bytes (48.0%)
[2026-01-22 16:23:10] Downloaded 19251200/39971592 bytes (48.2%)
[2026-01-22 16:23:10] Downloaded 19333120/39971592 bytes (48.4%)
[2026-01-22 16:23:10] Downloaded 19415040/39971592 bytes (48.6%)
[2026-01-22 16:23:10] Downloaded 19496960/39971592 bytes (48.8%)
[2026-01-22 16:23:10] Downloaded 19578880/39971592 bytes (49.0%)
[2026-01-22 16:23:10] Downloaded 19660800/39971592 bytes (49.2%)
[2026-01-22 16:23:10] Downloaded 19742720/39971592 bytes (49.4%)
[2026-01-22 16:23:10] Downloaded 19824640/39971592 bytes (49.6%)
[2026-01-22 16:23:11] Downloaded 19906560/39971592 bytes (49.8%)
[2026-01-22 16:23:11] Downloaded 19988480/39971592 bytes (50.0%)
[2026-01-22 16:23:11] Downloaded 20070400/39971592 bytes (50.2%)
[2026-01-22 16:23:11] Downloaded 20152320/39971592 bytes (50.4%)
[2026-01-22 16:23:11] Downloaded 20234240/39971592 bytes (50.6%)
[2026-01-22 16:23:11] Downloaded 20316160/39971592 bytes (50.8%)
[2026-01-22 16:23:11] Downloaded 20398080/39971592 bytes (51.0%)
[2026-01-22 16:23:11] Downloaded 20480000/39971592 bytes (51.2%)
[2026-01-22 16:23:11] Downloaded 20561920/39971592 bytes (51.4%)
[2026-01-22 16:23:11] Downloaded 20643840/39971592 bytes (51.6%)
[2026-01-22 16:23:11] Downloaded 20725760/39971592 bytes (51.9%)
[2026-01-22 16:23:11] Downloaded 20807680/39971592 bytes (52.1%)
[2026-01-22 16:23:11] Downloaded 20889600/39971592 bytes (52.3%)
[2026-01-22 16:23:11] Downloaded 20971520/39971592 bytes (52.5%)
[2026-01-22 16:23:11] Downloaded 21053440/39971592 bytes (52.7%)
[2026-01-22 16:23:11] Downloaded 21135360/39971592 bytes (52.9%)
[2026-01-22 16:23:11] Downloaded 21217280/39971592 bytes (53.1%)
[2026-01-22 16:23:11] Downloaded 21299200/39971592 bytes (53.3%)
[2026-01-22 16:23:12] Downloaded 21381120/39971592 bytes (53.5%)
[2026-01-22 16:23:12] Downloaded 21463040/39971592 bytes (53.7%)
[2026-01-22 16:23:12] Downloaded 21544960/39971592 bytes (53.9%)
[2026-01-22 16:23:12] Downloaded 21626880/39971592 bytes (54.1%)
[2026-01-22 16:23:12] Downloaded 21708800/39971592 bytes (54.3%)
[2026-01-22 16:23:12] Downloaded 21790720/39971592 bytes (54.5%)
[2026-01-22 16:23:12] Downloaded 21872640/39971592 bytes (54.7%)
[2026-01-22 16:23:12] Downloaded 21954560/39971592 bytes (54.9%)
[2026-01-22 16:23:12] Downloaded 22036480/39971592 bytes (55.1%)
[2026-01-22 16:23:12] Downloaded 22118400/39971592 bytes (55.3%)
[2026-01-22 16:23:12] Downloaded 22200320/39971592 bytes (55.5%)
[2026-01-22 16:23:12] Downloaded 22282240/39971592 bytes (55.7%)
[2026-01-22 16:23:12] Downloaded 22364160/39971592 bytes (56.0%)
[2026-01-22 16:23:12] Downloaded 22446080/39971592 bytes (56.2%)
[2026-01-22 16:23:12] Downloaded 22528000/39971592 bytes (56.4%)
[2026-01-22 16:23:12] Downloaded 22609920/39971592 bytes (56.6%)
[2026-01-22 16:23:12] Downloaded 22691840/39971592 bytes (56.8%)
[2026-01-22 16:23:12] Downloaded 22773760/39971592 bytes (57.0%)
[2026-01-22 16:23:12] Downloaded 22855680/39971592 bytes (57.2%)
[2026-01-22 16:23:13] Downloaded 22937600/39971592 bytes (57.4%)
[2026-01-22 16:23:13] Downloaded 23019520/39971592 bytes (57.6%)
[2026-01-22 16:23:13] Downloaded 23101440/39971592 bytes (57.8%)
[2026-01-22 16:23:13] Downloaded 23183360/39971592 bytes (58.0%)
[2026-01-22 16:23:13] Downloaded 23265280/39971592 bytes (58.2%)
[2026-01-22 16:23:13] Downloaded 23347200/39971592 bytes (58.4%)
[2026-01-22 16:23:13] Downloaded 23429120/39971592 bytes (58.6%)
[2026-01-22 16:23:13] Downloaded 23511040/39971592 bytes (58.8%)
[2026-01-22 16:23:13] Downloaded 23592960/39971592 bytes (59.0%)
[2026-01-22 16:23:13] Downloaded 23674880/39971592 bytes (59.2%)
[2026-01-22 16:23:13] Downloaded 23756800/39971592 bytes (59.4%)
[2026-01-22 16:23:13] Downloaded 23838720/39971592 bytes (59.6%)
[2026-01-22 16:23:13] Downloaded 23920640/39971592 bytes (59.8%)
[2026-01-22 16:23:13] Downloaded 24002560/39971592 bytes (60.0%)
[2026-01-22 16:23:13] Downloaded 24084480/39971592 bytes (60.3%)
[2026-01-22 16:23:13] Downloaded 24166400/39971592 bytes (60.5%)
[2026-01-22 16:23:13] Downloaded 24248320/39971592 bytes (60.7%)
[2026-01-22 16:23:13] Downloaded 24330240/39971592 bytes (60.9%)
[2026-01-22 16:23:13] Downloaded 24412160/39971592 bytes (61.1%)
[2026-01-22 16:23:13] Downloaded 24494080/39971592 bytes (61.3%)
[2026-01-22 16:23:13] Downloaded 24576000/39971592 bytes (61.5%)
[2026-01-22 16:23:13] Downloaded 24657920/39971592 bytes (61.7%)
[2026-01-22 16:23:13] Downloaded 24739840/39971592 bytes (61.9%)
[2026-01-22 16:23:14] Downloaded 24821760/39971592 bytes (62.1%)
[2026-01-22 16:23:14] Downloaded 24903680/39971592 bytes (62.3%)
[2026-01-22 16:23:14] Downloaded 24985600/39971592 bytes (62.5%)
[2026-01-22 16:23:14] Downloaded 25067520/39971592 bytes (62.7%)
[2026-01-22 16:23:14] Downloaded 25149440/39971592 bytes (62.9%)
[2026-01-22 16:23:14] Downloaded 25231360/39971592 bytes (63.1%)
[2026-01-22 16:23:14] Downloaded 25313280/39971592 bytes (63.3%)
[2026-01-22 16:23:14] Downloaded 25395200/39971592 bytes (63.5%)
[2026-01-22 16:23:14] Downloaded 25477120/39971592 bytes (63.7%)
[2026-01-22 16:23:14] Downloaded 25559040/39971592 bytes (63.9%)
[2026-01-22 16:23:14] Downloaded 25640960/39971592 bytes (64.1%)
[2026-01-22 16:23:14] Downloaded 25722880/39971592 bytes (64.4%)
[2026-01-22 16:23:14] Downloaded 25804800/39971592 bytes (64.6%)
[2026-01-22 16:23:14] Downloaded 25886720/39971592 bytes (64.8%)
[2026-01-22 16:23:14] Downloaded 25968640/39971592 bytes (65.0%)
[2026-01-22 16:23:14] Downloaded 26050560/39971592 bytes (65.2%)
[2026-01-22 16:23:14] Downloaded 26132480/39971592 bytes (65.4%)
[2026-01-22 16:23:14] Downloaded 26214400/39971592 bytes (65.6%)
[2026-01-22 16:23:14] Downloaded 26296320/39971592 bytes (65.8%)
[2026-01-22 16:23:14] Downloaded 26378240/39971592 bytes (66.0%)
[2026-01-22 16:23:14] Downloaded 26460160/39971592 bytes (66.2%)
[2026-01-22 16:23:14] Downloaded 26542080/39971592 bytes (66.4%)
[2026-01-22 16:23:14] Downloaded 26624000/39971592 bytes (66.6%)
[2026-01-22 16:23:15] Downloaded 26705920/39971592 bytes (66.8%)
[2026-01-22 16:23:15] Downloaded 26787840/39971592 bytes (67.0%)
[2026-01-22 16:23:15] Downloaded 26869760/39971592 bytes (67.2%)
[2026-01-22 16:23:15] Downloaded 26951680/39971592 bytes (67.4%)
[2026-01-22 16:23:15] Downloaded 27033600/39971592 bytes (67.6%)
[2026-01-22 16:23:15] Downloaded 27115520/39971592 bytes (67.8%)
[2026-01-22 16:23:15] Downloaded 27197440/39971592 bytes (68.0%)
[2026-01-22 16:23:15] Downloaded 27279360/39971592 bytes (68.2%)
[2026-01-22 16:23:15] Downloaded 27361280/39971592 bytes (68.5%)
[2026-01-22 16:23:15] Downloaded 27443200/39971592 bytes (68.7%)
[2026-01-22 16:23:15] Downloaded 27525120/39971592 bytes (68.9%)
[2026-01-22 16:23:15] Downloaded 27607040/39971592 bytes (69.1%)
[2026-01-22 16:23:15] Downloaded 27688960/39971592 bytes (69.3%)
[2026-01-22 16:23:15] Downloaded 27770880/39971592 bytes (69.5%)
[2026-01-22 16:23:16] Downloaded 27852800/39971592 bytes (69.7%)
[2026-01-22 16:23:16] Downloaded 27934720/39971592 bytes (69.9%)
[2026-01-22 16:23:16] Downloaded 28016640/39971592 bytes (70.1%)
[2026-01-22 16:23:16] Downloaded 28098560/39971592 bytes (70.3%)
[2026-01-22 16:23:16] Downloaded 28180480/39971592 bytes (70.5%)
[2026-01-22 16:23:16] Downloaded 28262400/39971592 bytes (70.7%)
[2026-01-22 16:23:16] Downloaded 28344320/39971592 bytes (70.9%)
[2026-01-22 16:23:16] Downloaded 28426240/39971592 bytes (71.1%)
[2026-01-22 16:23:16] Downloaded 28508160/39971592 bytes (71.3%)
[2026-01-22 16:23:16] Downloaded 28590080/39971592 bytes (71.5%)
[2026-01-22 16:23:17] Downloaded 28672000/39971592 bytes (71.7%)
[2026-01-22 16:23:17] Downloaded 28753920/39971592 bytes (71.9%)
[2026-01-22 16:23:17] Downloaded 28835840/39971592 bytes (72.1%)
[2026-01-22 16:23:17] Downloaded 28917760/39971592 bytes (72.3%)
[2026-01-22 16:23:17] Downloaded 28999680/39971592 bytes (72.6%)
[2026-01-22 16:23:17] Downloaded 29081600/39971592 bytes (72.8%)
[2026-01-22 16:23:17] Downloaded 29163520/39971592 bytes (73.0%)
[2026-01-22 16:23:17] Downloaded 29245440/39971592 bytes (73.2%)
[2026-01-22 16:23:17] Downloaded 29327360/39971592 bytes (73.4%)
[2026-01-22 16:23:17] Downloaded 29409280/39971592 bytes (73.6%)
[2026-01-22 16:23:17] Downloaded 29491200/39971592 bytes (73.8%)
[2026-01-22 16:23:17] Downloaded 29573120/39971592 bytes (74.0%)
[2026-01-22 16:23:17] Downloaded 29655040/39971592 bytes (74.2%)
[2026-01-22 16:23:17] Downloaded 29736960/39971592 bytes (74.4%)
[2026-01-22 16:23:17] Downloaded 29818880/39971592 bytes (74.6%)
[2026-01-22 16:23:17] Downloaded 29900800/39971592 bytes (74.8%)
[2026-01-22 16:23:18] Downloaded 29982720/39971592 bytes (75.0%)
[2026-01-22 16:23:18] Downloaded 30064640/39971592 bytes (75.2%)
[2026-01-22 16:23:18] Downloaded 30146560/39971592 bytes (75.4%)
[2026-01-22 16:23:18] Downloaded 30228480/39971592 bytes (75.6%)
[2026-01-22 16:23:18] Downloaded 30310400/39971592 bytes (75.8%)
[2026-01-22 16:23:18] Downloaded 30392320/39971592 bytes (76.0%)
[2026-01-22 16:23:18] Downloaded 30474240/39971592 bytes (76.2%)
[2026-01-22 16:23:18] Downloaded 30556160/39971592 bytes (76.4%)
[2026-01-22 16:23:18] Downloaded 30638080/39971592 bytes (76.6%)
[2026-01-22 16:23:18] Downloaded 30720000/39971592 bytes (76.9%)
[2026-01-22 16:23:18] Downloaded 30801920/39971592 bytes (77.1%)
[2026-01-22 16:23:18] Downloaded 30883840/39971592 bytes (77.3%)
[2026-01-22 16:23:18] Downloaded 30965760/39971592 bytes (77.5%)
[2026-01-22 16:23:18] Downloaded 31047680/39971592 bytes (77.7%)
[2026-01-22 16:23:18] Downloaded 31129600/39971592 bytes (77.9%)
[2026-01-22 16:23:18] Downloaded 31211520/39971592 bytes (78.1%)
[2026-01-22 16:23:19] Downloaded 31293440/39971592 bytes (78.3%)
[2026-01-22 16:23:19] Downloaded 31375360/39971592 bytes (78.5%)
[2026-01-22 16:23:19] Downloaded 31457280/39971592 bytes (78.7%)
[2026-01-22 16:23:19] Downloaded 31539200/39971592 bytes (78.9%)
[2026-01-22 16:23:19] Downloaded 31621120/39971592 bytes (79.1%)
[2026-01-22 16:23:19] Downloaded 31703040/39971592 bytes (79.3%)
[2026-01-22 16:23:19] Downloaded 31784960/39971592 bytes (79.5%)
[2026-01-22 16:23:19] Downloaded 31866880/39971592 bytes (79.7%)
[2026-01-22 16:23:19] Downloaded 31948800/39971592 bytes (79.9%)
[2026-01-22 16:23:19] Downloaded 32030720/39971592 bytes (80.1%)
[2026-01-22 16:23:19] Downloaded 32112640/39971592 bytes (80.3%)
[2026-01-22 16:23:19] Downloaded 32194560/39971592 bytes (80.5%)
[2026-01-22 16:23:19] Downloaded 32276480/39971592 bytes (80.7%)
[2026-01-22 16:23:19] Downloaded 32358400/39971592 bytes (81.0%)
[2026-01-22 16:23:19] Downloaded 32440320/39971592 bytes (81.2%)
[2026-01-22 16:23:19] Downloaded 32522240/39971592 bytes (81.4%)
[2026-01-22 16:23:19] Downloaded 32604160/39971592 bytes (81.6%)
[2026-01-22 16:23:20] Downloaded 32686080/39971592 bytes (81.8%)
[2026-01-22 16:23:20] Downloaded 32768000/39971592 bytes (82.0%)
[2026-01-22 16:23:20] Downloaded 32849920/39971592 bytes (82.2%)
[2026-01-22 16:23:20] Downloaded 32931840/39971592 bytes (82.4%)
[2026-01-22 16:23:20] Downloaded 33013760/39971592 bytes (82.6%)
[2026-01-22 16:23:20] Downloaded 33095680/39971592 bytes (82.8%)
[2026-01-22 16:23:21] Downloaded 33177600/39971592 bytes (83.0%)
[2026-01-22 16:23:21] Downloaded 33259520/39971592 bytes (83.2%)
[2026-01-22 16:23:21] Downloaded 33341440/39971592 bytes (83.4%)
[2026-01-22 16:23:21] Downloaded 33423360/39971592 bytes (83.6%)
[2026-01-22 16:23:21] Downloaded 33505280/39971592 bytes (83.8%)
[2026-01-22 16:23:21] Downloaded 33587200/39971592 bytes (84.0%)
[2026-01-22 16:23:21] Downloaded 33669120/39971592 bytes (84.2%)
[2026-01-22 16:23:21] Downloaded 33751040/39971592 bytes (84.4%)
[2026-01-22 16:23:21] Downloaded 33832960/39971592 bytes (84.6%)
[2026-01-22 16:23:21] Downloaded 33914880/39971592 bytes (84.8%)
[2026-01-22 16:23:21] Downloaded 33996800/39971592 bytes (85.1%)
[2026-01-22 16:23:21] Downloaded 34078720/39971592 bytes (85.3%)
[2026-01-22 16:23:21] Downloaded 34160640/39971592 bytes (85.5%)
[2026-01-22 16:23:21] Downloaded 34242560/39971592 bytes (85.7%)
[2026-01-22 16:23:21] Downloaded 34324480/39971592 bytes (85.9%)
[2026-01-22 16:23:21] Downloaded 34406400/39971592 bytes (86.1%)
[2026-01-22 16:23:21] Downloaded 34488320/39971592 bytes (86.3%)
[2026-01-22 16:23:21] Downloaded 34570240/39971592 bytes (86.5%)
[2026-01-22 16:23:21] Downloaded 34652160/39971592 bytes (86.7%)
[2026-01-22 16:23:21] Downloaded 34734080/39971592 bytes (86.9%)
[2026-01-22 16:23:21] Downloaded 34816000/39971592 bytes (87.1%)
[2026-01-22 16:23:22] Downloaded 34897920/39971592 bytes (87.3%)
[2026-01-22 16:23:22] Downloaded 34979840/39971592 bytes (87.5%)
[2026-01-22 16:23:22] Downloaded 35061760/39971592 bytes (87.7%)
[2026-01-22 16:23:22] Downloaded 35143680/39971592 bytes (87.9%)
[2026-01-22 16:23:22] Downloaded 35225600/39971592 bytes (88.1%)
[2026-01-22 16:23:22] Downloaded 35307520/39971592 bytes (88.3%)
[2026-01-22 16:23:22] Downloaded 35389440/39971592 bytes (88.5%)
[2026-01-22 16:23:22] Downloaded 35471360/39971592 bytes (88.7%)
[2026-01-22 16:23:22] Downloaded 35553280/39971592 bytes (88.9%)
[2026-01-22 16:23:22] Downloaded 35635200/39971592 bytes (89.2%)
[2026-01-22 16:23:22] Downloaded 35717120/39971592 bytes (89.4%)
[2026-01-22 16:23:22] Downloaded 35799040/39971592 bytes (89.6%)
[2026-01-22 16:23:22] Downloaded 35880960/39971592 bytes (89.8%)
[2026-01-22 16:23:22] Downloaded 35962880/39971592 bytes (90.0%)
[2026-01-22 16:23:22] Downloaded 36044800/39971592 bytes (90.2%)
[2026-01-22 16:23:22] Downloaded 36126720/39971592 bytes (90.4%)
[2026-01-22 16:23:22] Downloaded 36208640/39971592 bytes (90.6%)
[2026-01-22 16:23:23] Downloaded 36290560/39971592 bytes (90.8%)
[2026-01-22 16:23:23] Downloaded 36372480/39971592 bytes (91.0%)
[2026-01-22 16:23:23] Downloaded 36454400/39971592 bytes (91.2%)
[2026-01-22 16:23:23] Downloaded 36536320/39971592 bytes (91.4%)
[2026-01-22 16:23:23] Downloaded 36618240/39971592 bytes (91.6%)
[2026-01-22 16:23:23] Downloaded 36700160/39971592 bytes (91.8%)
[2026-01-22 16:23:23] Downloaded 36782080/39971592 bytes (92.0%)
[2026-01-22 16:23:23] Downloaded 36864000/39971592 bytes (92.2%)
[2026-01-22 16:23:23] Downloaded 36945920/39971592 bytes (92.4%)
[2026-01-22 16:23:23] Downloaded 37027840/39971592 bytes (92.6%)
[2026-01-22 16:23:23] Downloaded 37109760/39971592 bytes (92.8%)
[2026-01-22 16:23:23] Downloaded 37191680/39971592 bytes (93.0%)
[2026-01-22 16:23:23] Downloaded 37273600/39971592 bytes (93.3%)
[2026-01-22 16:23:23] Downloaded 37355520/39971592 bytes (93.5%)
[2026-01-22 16:23:23] Downloaded 37437440/39971592 bytes (93.7%)
[2026-01-22 16:23:23] Downloaded 37519360/39971592 bytes (93.9%)
[2026-01-22 16:23:23] Downloaded 37601280/39971592 bytes (94.1%)
[2026-01-22 16:23:23] Downloaded 37683200/39971592 bytes (94.3%)
[2026-01-22 16:23:23] Downloaded 37765120/39971592 bytes (94.5%)
[2026-01-22 16:23:24] Downloaded 37847040/39971592 bytes (94.7%)
[2026-01-22 16:23:24] Downloaded 37928960/39971592 bytes (94.9%)
[2026-01-22 16:23:24] Downloaded 38010880/39971592 bytes (95.1%)
[2026-01-22 16:23:24] Downloaded 38092800/39971592 bytes (95.3%)
[2026-01-22 16:23:24] Downloaded 38174720/39971592 bytes (95.5%)
[2026-01-22 16:23:24] Downloaded 38256640/39971592 bytes (95.7%)
[2026-01-22 16:23:24] Downloaded 38338560/39971592 bytes (95.9%)
[2026-01-22 16:23:24] Downloaded 38420480/39971592 bytes (96.1%)
[2026-01-22 16:23:24] Downloaded 38502400/39971592 bytes (96.3%)
[2026-01-22 16:23:24] Downloaded 38584320/39971592 bytes (96.5%)
[2026-01-22 16:23:24] Downloaded 38666240/39971592 bytes (96.7%)
[2026-01-22 16:23:24] Downloaded 38748160/39971592 bytes (96.9%)
[2026-01-22 16:23:24] Downloaded 38830080/39971592 bytes (97.1%)
[2026-01-22 16:23:24] Downloaded 38912000/39971592 bytes (97.3%)
[2026-01-22 16:23:24] Downloaded 38993920/39971592 bytes (97.6%)
[2026-01-22 16:23:24] Downloaded 39075840/39971592 bytes (97.8%)
[2026-01-22 16:23:24] Downloaded 39157760/39971592 bytes (98.0%)
[2026-01-22 16:23:24] Downloaded 39239680/39971592 bytes (98.2%)
[2026-01-22 16:23:24] Downloaded 39321600/39971592 bytes (98.4%)
[2026-01-22 16:23:24] Downloaded 39403520/39971592 bytes (98.6%)
[2026-01-22 16:23:24] Downloaded 39485440/39971592 bytes (98.8%)
[2026-01-22 16:23:24] Downloaded 39567360/39971592 bytes (99.0%)
[2026-01-22 16:23:25] Downloaded 39649280/39971592 bytes (99.2%)
[2026-01-22 16:23:25] Downloaded 39731200/39971592 bytes (99.4%)
[2026-01-22 16:23:25] Downloaded 39813120/39971592 bytes (99.6%)
[2026-01-22 16:23:25] Downloaded 39895040/39971592 bytes (99.8%)
[2026-01-22 16:23:25] Size verification passed: 39971592 bytes
[2026-01-22 16:23:25] Downloaded file SHA256: 758b2000587dbde32ead1a31a855fd9b06230943a5d6a05eada6e84b4211ffa3
[2026-01-22 16:23:25] Checksum verification passed
[2026-01-22 16:23:25] Download complete: 39971592 bytes
[2026-01-22 16:23:25] EXE replaced successfully
[2026-01-22 16:23:25] Version file updated to 1.0.0
[2026-01-22 16:23:25] Restarting PreservationApp.exe...
[2026-01-22 16:23:25] Application restarted
[2026-01-22 16:23:25] Update completed successfully
