[2026-01-27 17:25:59] UpdateManager initialized. Current version: 1.1.1
[2026-01-27 17:25:59] Checking for updates...
[2026-01-27 17:26:03] Found checksum file: PreservationApp.exe.sha256
[2026-01-27 17:26:03] Checksum available for verification: 758B2000587DBDE3...
[2026-01-27 17:26:03] Latest version found: 1.0.0
[2026-01-27 17:26:03] App is up to date
[2026-02-03 15:44:31] UpdateManager initialized. Current version: 1.2.1
[2026-02-03 15:44:31] Checking for updates...
[2026-02-03 15:44:35] Found checksum file: Preservation.Universe.exe.sha256
[2026-02-03 15:44:35] Checksum available for verification: 54692B693BAE11CC...
[2026-02-03 15:44:35] Latest version found: 1.1.1
[2026-02-03 15:44:35] App is up to date
[2026-02-06 17:00:04] UpdateManager initialized. Current version: 1.2.1
[2026-02-06 17:00:04] Checking for updates...
[2026-02-06 17:00:06] Network error checking for updates: 403 Client Error: rate limit exceeded for url: https://api.github.com/repos/mahinkhan1408/TVL/releases/latest
[2026-02-08 12:01:10] UpdateManager initialized. Current version: 1.2.1
[2026-02-08 12:01:10] Checking for updates...
[2026-02-08 12:01:14] Found checksum file: Preservation.Universe.exe.sha256
[2026-02-08 12:01:14] Checksum available for verification: 54692B693BAE11CC...
[2026-02-08 12:01:14] Latest version found: 1.1.1
[2026-02-08 12:01:14] App is up to date
[2026-02-16 16:32:46] UpdateManager initialized. Current version: 1.2.1
[2026-02-16 16:32:46] Checking for updates...
[2026-02-16 16:32:50] Found checksum file: Preservation.Universe.exe.sha256
[2026-02-16 16:32:50] Checksum available for verification: 54692B693BAE11CC...
[2026-02-16 16:32:50] Latest version found: 1.1.1
[2026-02-16 16:32:50] App is up to date
[2026-02-18 20:05:03] UpdateManager initialized. Current version: 1.2.1
[2026-02-18 20:05:03] Checking for updates...
[2026-02-18 20:05:07] Found checksum file: Preservation.Universe.exe.sha256
[2026-02-18 20:05:07] Checksum available for verification: 54692B693BAE11CC...
[2026-02-18 20:05:07] Latest version found: 1.1.1
[2026-02-18 20:05:07] App is up to date
[2026-02-19 09:01:46] UpdateManager initialized. Current version: 1.2.1
[2026-02-19 09:01:46] Checking for updates...
[2026-02-19 09:01:49] Found checksum file: Preservation.Universe.exe.sha256
[2026-02-19 09:01:49] Checksum available for verification: 54692B693BAE11CC...
[2026-02-19 09:01:49] Latest version found: 1.1.1
[2026-02-19 09:01:49] App is up to date
[2026-02-27 10:04:55] UpdateManager initialized. Current version: 1.2.2
[2026-02-27 10:04:55] Checking for updates...
[2026-02-27 10:04:59] Found checksum file: Preservation.Universe.exe.sha256
[2026-02-27 10:04:59] Checksum available for verification: 54692B693BAE11CC...
[2026-02-27 10:04:59] Latest version found: 1.1.1
[2026-02-27 10:04:59] App is up to date
[2026-02-28 21:34:47] UpdateManager initialized. Current version: 1.2.2
[2026-02-28 21:34:47] Checking for updates...
[2026-02-28 21:34:53] Found checksum file: Preservation.Universe.exe.sha256
[2026-02-28 21:34:53] Checksum available for verification: 54692B693BAE11CC...
[2026-02-28 21:34:53] Latest version found: 1.1.1
[2026-02-28 21:34:53] App is up to date
[2026-03-01 14:41:17] UpdateManager initialized. Current version: 1.2.2
[2026-03-01 14:41:17] Checking for updates...
[2026-03-01 14:41:24] Found checksum file: Preservation.Universe.exe.sha256
[2026-03-01 14:41:24] Checksum available for verification: 54692B693BAE11CC...
[2026-03-01 14:41:24] Latest version found: 1.1.1
[2026-03-01 14:41:24] App is up to date
[2026-03-01 14:45:32] UpdateManager initialized. Current version: 1.2.2
[2026-03-01 14:45:32] Checking for updates...
[2026-03-01 14:45:38] Found checksum file: Preservation.Universe.exe.sha256
[2026-03-01 14:45:38] Checksum available for verification: 54692B693BAE11CC...
[2026-03-01 14:45:38] Latest version found: 1.1.1
[2026-03-01 14:45:38] App is up to date
[2026-03-12 20:29:55] UpdateManager initialized. Current version: 1.2.2
[2026-03-12 20:29:55] Checking for updates...
[2026-03-12 20:30:02] Found checksum file: Preservation.Universe.exe.sha256
[2026-03-12 20:30:02] Checksum available for verification: 54692B693BAE11CC...
[2026-03-12 20:30:02] Latest version found: 1.1.1
[2026-03-12 20:30:02] App is up to date
[2026-03-13 15:10:08] UpdateManager initialized. Current version: 1.2.2
[2026-03-13 15:10:08] Checking for updates...
[2026-03-13 15:10:13] Found checksum file: Preservation.Universe.exe.sha256
[2026-03-13 15:10:13] Checksum available for verification: 54692B693BAE11CC...
[2026-03-13 15:10:13] Latest version found: 1.1.1
[2026-03-13 15:10:13] App is up to date
[2026-03-15 21:19:06] UpdateManager initialized. Current version: 1.2.2
[2026-03-15 21:19:06] Checking for updates...
[2026-03-15 21:19:17] Found checksum file: Preservation.Universe.exe.sha256
[2026-03-15 21:19:17] Checksum available for verification: 54692B693BAE11CC...
[2026-03-15 21:19:17] Latest version found: 1.1.1
[2026-03-15 21:19:17] App is up to date
[2026-03-15 21:24:13] UpdateManager initialized. Current version: 1.2.2
[2026-03-15 21:24:13] Checking for updates...
[2026-03-15 21:24:18] Found checksum file: Preservation.Universe.exe.sha256
[2026-03-15 21:24:18] Checksum available for verification: 54692B693BAE11CC...
[2026-03-15 21:24:18] Latest version found: 1.1.1
[2026-03-15 21:24:18] App is up to date
